Information: Using automatic max wire load selection group 'predcaps'. (ENV-003)
Information: Using automatic min wire load selection group 'predcaps'. (ENV-003)
Error: Nothing matched for to_list (SEL-005)
0
Error: Nothing matched for from_list (SEL-005)
0
Error: Nothing matched for from_list (SEL-005)
0
****************************************
Report : timing
	-path_type full
	-delay_type max
	-slack_lesser_than 20.00
	-max_paths 1000
	-sort_by slack
Design : s1238
Version: L-2016.06-SP3-1
Date   : Thu Feb  6 19:13:12 2020
****************************************


  Startpoint: G5 (input port clocked by ideal_clock)
  Endpoint: G542 (output port clocked by ideal_clock)
  Path Group: ideal_clock
  Path Type: max

  Point                                    Incr       Path
  ---------------------------------------------------------------
  clock ideal_clock (rise edge)            0.00       0.00
  clock network delay (ideal)              0.40       0.40
  input external delay                     2.00       2.40 f
  G5 (in)                                  0.00       2.40 f
  U486/Y (INVX1_RVT)                       3.27       5.67 r
  U396/Y (AND2X1_RVT)                      0.69       6.35 r
  U502/Y (INVX0_RVT)                       0.92       7.28 f
  U507/Y (NAND2X0_RVT)                     0.05       7.32 r
  U617/Y (NAND3X0_RVT)                     0.08       7.40 f
  U298/Y (NOR3X0_RVT)                      0.27       7.67 r
  U565/Y (NBUFFX2_RVT)                     0.30       7.97 r
  U594/Y (NBUFFX2_RVT)                     0.10       8.07 r
  U614/Y (AO22X1_RVT)                      0.13       8.20 r
  U587/Y (NAND2X0_RVT)                     0.05       8.25 f
  U586/Y (NAND3X0_RVT)                     0.09       8.34 r
  G542 (out)                               0.01       8.35 r
  data arrival time                                   8.35

  clock ideal_clock (rise edge)           10.00      10.00
  clock network delay (ideal)              0.40      10.40
  clock reconvergence pessimism            0.00      10.40
  clock uncertainty                       -0.05      10.35
  output external delay                   -2.00       8.35
  data required time                                  8.35
  ---------------------------------------------------------------
  data required time                                  8.35
  data arrival time                                  -8.35
  ---------------------------------------------------------------
  slack (MET)                                         0.00


  Startpoint: G6 (input port clocked by ideal_clock)
  Endpoint: G532 (output port clocked by ideal_clock)
  Path Group: ideal_clock
  Path Type: max

  Point                                    Incr       Path
  ---------------------------------------------------------------
  clock ideal_clock (rise edge)            0.00       0.00
  clock network delay (ideal)              0.40       0.40
  input external delay                     2.00       2.40 r
  G6 (in)                                  0.00       2.40 r
  U518/Y (NBUFFX2_RVT)                     0.10       2.50 r
  U557/Y (NBUFFX2_RVT)                     0.19       2.70 r
  U334/Y (OR2X1_RVT)                       4.80       7.49 r
  U466/Y (INVX1_RVT)                       0.09       7.58 f
  U326/Y (AO21X1_RVT)                      0.05       7.63 f
  U550/Y (AOI221X1_RVT)                    0.08       7.72 r
  U464/Y (OAI221X1_RVT)                    0.11       7.83 f
  U528/Y (NAND2X0_RVT)                     0.05       7.88 r
  U527/Y (INVX0_RVT)                       0.08       7.96 f
  U525/Y (NAND2X0_RVT)                     0.11       8.07 r
  U605/Y (OA222X1_RVT)                     0.21       8.27 r
  U563/Y (NAND4X0_RVT)                     0.06       8.33 f
  G532 (out)                               0.01       8.34 f
  data arrival time                                   8.34

  clock ideal_clock (rise edge)           10.00      10.00
  clock network delay (ideal)              0.40      10.40
  clock reconvergence pessimism            0.00      10.40
  clock uncertainty                       -0.05      10.35
  output external delay                   -2.00       8.35
  data required time                                  8.35
  ---------------------------------------------------------------
  data required time                                  8.35
  data arrival time                                  -8.34
  ---------------------------------------------------------------
  slack (MET)                                         0.01


  Startpoint: G5 (input port clocked by ideal_clock)
  Endpoint: G547 (output port clocked by ideal_clock)
  Path Group: ideal_clock
  Path Type: max

  Point                                    Incr       Path
  ---------------------------------------------------------------
  clock ideal_clock (rise edge)            0.00       0.00
  clock network delay (ideal)              0.40       0.40
  input external delay                     2.00       2.40 f
  G5 (in)                                  0.00       2.40 f
  U486/Y (INVX1_RVT)                       3.27       5.67 r
  U396/Y (AND2X1_RVT)                      0.69       6.35 r
  U502/Y (INVX0_RVT)                       0.92       7.28 f
  U507/Y (NAND2X0_RVT)                     0.05       7.32 r
  U617/Y (NAND3X0_RVT)                     0.08       7.40 f
  U298/Y (NOR3X0_RVT)                      0.27       7.67 r
  U565/Y (NBUFFX2_RVT)                     0.30       7.97 r
  U594/Y (NBUFFX2_RVT)                     0.10       8.07 r
  U613/Y (NAND2X0_RVT)                     0.08       8.15 f
  U558/Y (OA22X1_RVT)                      0.08       8.23 f
  U340/Y (OAI22X1_RVT)                     0.10       8.33 r
  G547 (out)                               0.01       8.34 r
  data arrival time                                   8.34

  clock ideal_clock (rise edge)           10.00      10.00
  clock network delay (ideal)              0.40      10.40
  clock reconvergence pessimism            0.00      10.40
  clock uncertainty                       -0.05      10.35
  output external delay                   -2.00       8.35
  data required time                                  8.35
  ---------------------------------------------------------------
  data required time                                  8.35
  data arrival time                                  -8.34
  ---------------------------------------------------------------
  slack (MET)                                         0.01


  Startpoint: G6 (input port clocked by ideal_clock)
  Endpoint: G550 (output port clocked by ideal_clock)
  Path Group: ideal_clock
  Path Type: max

  Point                                    Incr       Path
  ---------------------------------------------------------------
  clock ideal_clock (rise edge)            0.00       0.00
  clock network delay (ideal)              0.40       0.40
  input external delay                     2.00       2.40 r
  G6 (in)                                  0.00       2.40 r
  U518/Y (NBUFFX2_RVT)                     0.10       2.50 r
  U557/Y (NBUFFX2_RVT)                     0.19       2.70 r
  U334/Y (OR2X1_RVT)                       4.80       7.49 r
  U466/Y (INVX1_RVT)                       0.09       7.58 f
  U326/Y (AO21X1_RVT)                      0.05       7.63 f
  U550/Y (AOI221X1_RVT)                    0.08       7.72 r
  U464/Y (OAI221X1_RVT)                    0.11       7.83 f
  U528/Y (NAND2X0_RVT)                     0.05       7.88 r
  U527/Y (INVX0_RVT)                       0.08       7.96 f
  U523/Y (AND2X1_RVT)                      0.11       8.07 f
  U465/Y (NBUFFX2_RVT)                     0.09       8.17 f
  U461/Y (NAND3X0_RVT)                     0.08       8.25 r
  U595/Y (NAND4X0_RVT)                     0.07       8.32 f
  G550 (out)                               0.01       8.33 f
  data arrival time                                   8.33

  clock ideal_clock (rise edge)           10.00      10.00
  clock network delay (ideal)              0.40      10.40
  clock reconvergence pessimism            0.00      10.40
  clock uncertainty                       -0.05      10.35
  output external delay                   -2.00       8.35
  data required time                                  8.35
  ---------------------------------------------------------------
  data required time                                  8.35
  data arrival time                                  -8.33
  ---------------------------------------------------------------
  slack (MET)                                         0.02


  Startpoint: G6 (input port clocked by ideal_clock)
  Endpoint: G552 (output port clocked by ideal_clock)
  Path Group: ideal_clock
  Path Type: max

  Point                                    Incr       Path
  ---------------------------------------------------------------
  clock ideal_clock (rise edge)            0.00       0.00
  clock network delay (ideal)              0.40       0.40
  input external delay                     2.00       2.40 r
  G6 (in)                                  0.00       2.40 r
  U518/Y (NBUFFX2_RVT)                     0.10       2.50 r
  U557/Y (NBUFFX2_RVT)                     0.19       2.70 r
  U334/Y (OR2X1_RVT)                       4.80       7.49 r
  U466/Y (INVX1_RVT)                       0.09       7.58 f
  U326/Y (AO21X1_RVT)                      0.05       7.63 f
  U550/Y (AOI221X1_RVT)                    0.08       7.72 r
  U464/Y (OAI221X1_RVT)                    0.11       7.83 f
  U528/Y (NAND2X0_RVT)                     0.05       7.88 r
  U527/Y (INVX0_RVT)                       0.08       7.96 f
  U525/Y (NAND2X0_RVT)                     0.11       8.07 r
  U611/Y (OAI222X1_RVT)                    0.25       8.32 f
  G552 (out)                               0.01       8.32 f
  data arrival time                                   8.32

  clock ideal_clock (rise edge)           10.00      10.00
  clock network delay (ideal)              0.40      10.40
  clock reconvergence pessimism            0.00      10.40
  clock uncertainty                       -0.05      10.35
  output external delay                   -2.00       8.35
  data required time                                  8.35
  ---------------------------------------------------------------
  data required time                                  8.35
  data arrival time                                  -8.32
  ---------------------------------------------------------------
  slack (MET)                                         0.03


  Startpoint: G5 (input port clocked by ideal_clock)
  Endpoint: G551 (output port clocked by ideal_clock)
  Path Group: ideal_clock
  Path Type: max

  Point                                    Incr       Path
  ---------------------------------------------------------------
  clock ideal_clock (rise edge)            0.00       0.00
  clock network delay (ideal)              0.40       0.40
  input external delay                     2.00       2.40 f
  G5 (in)                                  0.00       2.40 f
  U486/Y (INVX1_RVT)                       3.27       5.67 r
  U396/Y (AND2X1_RVT)                      0.69       6.35 r
  U502/Y (INVX0_RVT)                       0.92       7.28 f
  U507/Y (NAND2X0_RVT)                     0.05       7.32 r
  U617/Y (NAND3X0_RVT)                     0.08       7.40 f
  U298/Y (NOR3X0_RVT)                      0.27       7.67 r
  U565/Y (NBUFFX2_RVT)                     0.30       7.97 r
  U559/Y (NBUFFX2_RVT)                     0.10       8.07 r
  U519/Y (NAND3X0_RVT)                     0.09       8.17 f
  U601/Y (NAND3X0_RVT)                     0.05       8.22 r
  U600/Y (AO221X1_RVT)                     0.09       8.31 r
  G551 (out)                               0.01       8.31 r
  data arrival time                                   8.31

  clock ideal_clock (rise edge)           10.00      10.00
  clock network delay (ideal)              0.40      10.40
  clock reconvergence pessimism            0.00      10.40
  clock uncertainty                       -0.05      10.35
  output external delay                   -2.00       8.35
  data required time                                  8.35
  ---------------------------------------------------------------
  data required time                                  8.35
  data arrival time                                  -8.31
  ---------------------------------------------------------------
  slack (MET)                                         0.04


  Startpoint: G6 (input port clocked by ideal_clock)
  Endpoint: G549 (output port clocked by ideal_clock)
  Path Group: ideal_clock
  Path Type: max

  Point                                    Incr       Path
  ---------------------------------------------------------------
  clock ideal_clock (rise edge)            0.00       0.00
  clock network delay (ideal)              0.40       0.40
  input external delay                     2.00       2.40 r
  G6 (in)                                  0.00       2.40 r
  U518/Y (NBUFFX2_RVT)                     0.10       2.50 r
  U557/Y (NBUFFX2_RVT)                     0.19       2.70 r
  U334/Y (OR2X1_RVT)                       4.80       7.49 r
  U466/Y (INVX1_RVT)                       0.09       7.58 f
  U326/Y (AO21X1_RVT)                      0.05       7.63 f
  U550/Y (AOI221X1_RVT)                    0.08       7.72 r
  U464/Y (OAI221X1_RVT)                    0.11       7.83 f
  U528/Y (NAND2X0_RVT)                     0.05       7.88 r
  U527/Y (INVX0_RVT)                       0.08       7.96 f
  U523/Y (AND2X1_RVT)                      0.11       8.07 f
  U365/Y (AND3X1_RVT)                      0.11       8.19 f
  U521/Y (NOR2X0_RVT)                      0.08       8.27 r
  U520/Y (NAND2X0_RVT)                     0.04       8.30 f
  G549 (out)                               0.01       8.31 f
  data arrival time                                   8.31

  clock ideal_clock (rise edge)           10.00      10.00
  clock network delay (ideal)              0.40      10.40
  clock reconvergence pessimism            0.00      10.40
  clock uncertainty                       -0.05      10.35
  output external delay                   -2.00       8.35
  data required time                                  8.35
  ---------------------------------------------------------------
  data required time                                  8.35
  data arrival time                                  -8.31
  ---------------------------------------------------------------
  slack (MET)                                         0.04


  Startpoint: G1 (input port clocked by ideal_clock)
  Endpoint: G537 (output port clocked by ideal_clock)
  Path Group: ideal_clock
  Path Type: max

  Point                                    Incr       Path
  ---------------------------------------------------------------
  clock ideal_clock (rise edge)            0.00       0.00
  clock network delay (ideal)              0.40       0.40
  input external delay                     2.00       2.40 r
  G1 (in)                                  0.00       2.40 r
  U407/Y (INVX0_RVT)                       4.44       6.84 f
  U338/Y (NOR2X0_RVT)                      0.22       7.05 r
  U514/Y (AOI22X1_RVT)                     0.14       7.19 f
  U575/Y (OA22X1_RVT)                      0.12       7.32 f
  U574/Y (OA222X1_RVT)                     0.11       7.42 f
  U460/Y (OR3X1_RVT)                       0.08       7.50 f
  U571/Y (NAND2X0_RVT)                     0.08       7.58 r
  U581/Y (AND2X1_RVT)                      0.07       7.65 r
  U582/Y (AO21X1_RVT)                      0.10       7.74 r
  U583/Y (NAND2X0_RVT)                     0.05       7.79 f
  U588/Y (INVX0_RVT)                       0.09       7.88 r
  U462/Y (NAND2X0_RVT)                     0.16       8.05 f
  U591/Y (OA222X1_RVT)                     0.15       8.20 f
  U590/Y (NAND3X0_RVT)                     0.05       8.25 r
  G537 (out)                               0.01       8.26 r
  data arrival time                                   8.26

  clock ideal_clock (rise edge)           10.00      10.00
  clock network delay (ideal)              0.40      10.40
  clock reconvergence pessimism            0.00      10.40
  clock uncertainty                       -0.05      10.35
  output external delay                   -2.00       8.35
  data required time                                  8.35
  ---------------------------------------------------------------
  data required time                                  8.35
  data arrival time                                  -8.26
  ---------------------------------------------------------------
  slack (MET)                                         0.09


  Startpoint: G5 (input port clocked by ideal_clock)
  Endpoint: G530 (output port clocked by ideal_clock)
  Path Group: ideal_clock
  Path Type: max

  Point                                    Incr       Path
  ---------------------------------------------------------------
  clock ideal_clock (rise edge)            0.00       0.00
  clock network delay (ideal)              0.40       0.40
  input external delay                     2.00       2.40 f
  G5 (in)                                  0.00       2.40 f
  U486/Y (INVX1_RVT)                       3.27       5.67 r
  U396/Y (AND2X1_RVT)                      0.69       6.35 r
  U502/Y (INVX0_RVT)                       0.92       7.28 f
  U507/Y (NAND2X0_RVT)                     0.05       7.32 r
  U617/Y (NAND3X0_RVT)                     0.08       7.40 f
  U298/Y (NOR3X0_RVT)                      0.27       7.67 r
  U593/Y (NBUFFX2_RVT)                     0.30       7.97 r
  U388/Y (AND2X1_RVT)                      0.18       8.15 r
  U541/Y (AO22X1_RVT)                      0.07       8.22 r
  G530 (out)                               0.01       8.23 r
  data arrival time                                   8.23

  clock ideal_clock (rise edge)           10.00      10.00
  clock network delay (ideal)              0.40      10.40
  clock reconvergence pessimism            0.00      10.40
  clock uncertainty                       -0.05      10.35
  output external delay                   -2.00       8.35
  data required time                                  8.35
  ---------------------------------------------------------------
  data required time                                  8.35
  data arrival time                                  -8.23
  ---------------------------------------------------------------
  slack (MET)                                         0.12


  Startpoint: G1 (input port clocked by ideal_clock)
  Endpoint: G535 (output port clocked by ideal_clock)
  Path Group: ideal_clock
  Path Type: max

  Point                                    Incr       Path
  ---------------------------------------------------------------
  clock ideal_clock (rise edge)            0.00       0.00
  clock network delay (ideal)              0.40       0.40
  input external delay                     2.00       2.40 r
  G1 (in)                                  0.00       2.40 r
  U407/Y (INVX0_RVT)                       4.44       6.84 f
  U338/Y (NOR2X0_RVT)                      0.22       7.05 r
  U514/Y (AOI22X1_RVT)                     0.14       7.19 f
  U575/Y (OA22X1_RVT)                      0.12       7.32 f
  U574/Y (OA222X1_RVT)                     0.11       7.42 f
  U460/Y (OR3X1_RVT)                       0.08       7.50 f
  U571/Y (NAND2X0_RVT)                     0.08       7.58 r
  U581/Y (AND2X1_RVT)                      0.07       7.65 r
  U582/Y (AO21X1_RVT)                      0.10       7.74 r
  U583/Y (NAND2X0_RVT)                     0.05       7.79 f
  U588/Y (INVX0_RVT)                       0.09       7.88 r
  U462/Y (NAND2X0_RVT)                     0.16       8.05 f
  U377/Y (OA22X1_RVT)                      0.11       8.16 f
  U561/Y (NAND3X0_RVT)                     0.05       8.21 r
  G535 (out)                               0.01       8.22 r
  data arrival time                                   8.22

  clock ideal_clock (rise edge)           10.00      10.00
  clock network delay (ideal)              0.40      10.40
  clock reconvergence pessimism            0.00      10.40
  clock uncertainty                       -0.05      10.35
  output external delay                   -2.00       8.35
  data required time                                  8.35
  ---------------------------------------------------------------
  data required time                                  8.35
  data arrival time                                  -8.22
  ---------------------------------------------------------------
  slack (MET)                                         0.13


  Startpoint: G6 (input port clocked by ideal_clock)
  Endpoint: G539 (output port clocked by ideal_clock)
  Path Group: ideal_clock
  Path Type: max

  Point                                    Incr       Path
  ---------------------------------------------------------------
  clock ideal_clock (rise edge)            0.00       0.00
  clock network delay (ideal)              0.40       0.40
  input external delay                     2.00       2.40 r
  G6 (in)                                  0.00       2.40 r
  U518/Y (NBUFFX2_RVT)                     0.10       2.50 r
  U557/Y (NBUFFX2_RVT)                     0.19       2.70 r
  U334/Y (OR2X1_RVT)                       4.80       7.49 r
  U466/Y (INVX1_RVT)                       0.09       7.58 f
  U326/Y (AO21X1_RVT)                      0.05       7.63 f
  U550/Y (AOI221X1_RVT)                    0.08       7.72 r
  U464/Y (OAI221X1_RVT)                    0.11       7.83 f
  U528/Y (NAND2X0_RVT)                     0.05       7.88 r
  U526/Y (NAND2X0_RVT)                     0.09       7.97 f
  U598/Y (OAI222X1_RVT)                    0.12       8.09 r
  G539 (out)                               0.01       8.09 r
  data arrival time                                   8.09

  clock ideal_clock (rise edge)           10.00      10.00
  clock network delay (ideal)              0.40      10.40
  clock reconvergence pessimism            0.00      10.40
  clock uncertainty                       -0.05      10.35
  output external delay                   -2.00       8.35
  data required time                                  8.35
  ---------------------------------------------------------------
  data required time                                  8.35
  data arrival time                                  -8.09
  ---------------------------------------------------------------
  slack (MET)                                         0.26


  Startpoint: G5 (input port clocked by ideal_clock)
  Endpoint: G548 (output port clocked by ideal_clock)
  Path Group: ideal_clock
  Path Type: max

  Point                                    Incr       Path
  ---------------------------------------------------------------
  clock ideal_clock (rise edge)            0.00       0.00
  clock network delay (ideal)              0.40       0.40
  input external delay                     2.00       2.40 f
  G5 (in)                                  0.00       2.40 f
  U486/Y (INVX1_RVT)                       3.27       5.67 r
  U396/Y (AND2X1_RVT)                      0.69       6.35 r
  U502/Y (INVX0_RVT)                       0.92       7.28 f
  U507/Y (NAND2X0_RVT)                     0.05       7.32 r
  U617/Y (NAND3X0_RVT)                     0.08       7.40 f
  U616/Y (INVX0_RVT)                       0.19       7.59 r
  U585/Y (NAND3X0_RVT)                     0.12       7.71 f
  U610/Y (OAI22X1_RVT)                     0.24       7.94 r
  G548 (out)                               0.01       7.95 r
  data arrival time                                   7.95

  clock ideal_clock (rise edge)           10.00      10.00
  clock network delay (ideal)              0.40      10.40
  clock reconvergence pessimism            0.00      10.40
  clock uncertainty                       -0.05      10.35
  output external delay                   -2.00       8.35
  data required time                                  8.35
  ---------------------------------------------------------------
  data required time                                  8.35
  data arrival time                                  -7.95
  ---------------------------------------------------------------
  slack (MET)                                         0.40


1
Error: Nothing matched for from_list (SEL-005)
0
Error: Nothing matched for from_list (SEL-005)
0
