Information: Using automatic max wire load selection group 'predcaps'. (ENV-003)
Information: Using automatic min wire load selection group 'predcaps'. (ENV-003)
Warning: Some timing arcs have been disabled for breaking timing loops or because of constant propagation. Use the 'report_disable_timing' command to get the list of these disabled timing arcs. (PTE-003)
Error: Nothing matched for to_list (SEL-005)
0
Error: Nothing matched for from_list (SEL-005)
0
Error: Nothing matched for from_list (SEL-005)
0
****************************************
Report : timing
	-path_type full
	-delay_type max
	-slack_lesser_than 20.00
	-max_paths 1000
	-sort_by slack
Design : s9234
Version: L-2016.06-SP3-1
Date   : Thu Feb  6 19:13:29 2020
****************************************


  Startpoint: g41 (input port clocked by ideal_clock)
  Endpoint: g6284 (output port clocked by ideal_clock)
  Path Group: ideal_clock
  Path Type: max

  Point                                    Incr       Path
  ---------------------------------------------------------------
  clock ideal_clock (rise edge)            0.00       0.00
  clock network delay (ideal)              0.40       0.40
  input external delay                     2.00       2.40 r
  g41 (in)                                 0.00       2.40 r
  U1160/Y (OA21X1_RVT)                     0.69       3.09 r
  U1164/Y (NAND3X0_RVT)                    0.17       3.26 f
  U886/Y (NOR2X0_RVT)                      0.15       3.42 r
  U887/Y (NAND2X0_RVT)                     1.68       5.09 f
  g6284 (out)                              0.01       5.10 f
  data arrival time                                   5.10

  clock ideal_clock (rise edge)           10.00      10.00
  clock network delay (ideal)              0.40      10.40
  clock reconvergence pessimism            0.00      10.40
  clock uncertainty                       -0.05      10.35
  output external delay                   -2.00       8.35
  data required time                                  8.35
  ---------------------------------------------------------------
  data required time                                  8.35
  data arrival time                                  -5.10
  ---------------------------------------------------------------
  slack (MET)                                         3.25


  Startpoint: g41 (input port clocked by ideal_clock)
  Endpoint: g6360 (output port clocked by ideal_clock)
  Path Group: ideal_clock
  Path Type: max

  Point                                    Incr       Path
  ---------------------------------------------------------------
  clock ideal_clock (rise edge)            0.00       0.00
  clock network delay (ideal)              0.40       0.40
  input external delay                     2.00       2.40 r
  g41 (in)                                 0.00       2.40 r
  U1160/Y (OA21X1_RVT)                     0.69       3.09 r
  U1164/Y (NAND3X0_RVT)                    0.17       3.26 f
  U886/Y (NOR2X0_RVT)                      0.15       3.42 r
  U1171/Y (NAND2X0_RVT)                    1.68       5.09 f
  g6360 (out)                              0.01       5.10 f
  data arrival time                                   5.10

  clock ideal_clock (rise edge)           10.00      10.00
  clock network delay (ideal)              0.40      10.40
  clock reconvergence pessimism            0.00      10.40
  clock uncertainty                       -0.05      10.35
  output external delay                   -2.00       8.35
  data required time                                  8.35
  ---------------------------------------------------------------
  data required time                                  8.35
  data arrival time                                  -5.10
  ---------------------------------------------------------------
  slack (MET)                                         3.25


  Startpoint: g41 (input port clocked by ideal_clock)
  Endpoint: g6362 (output port clocked by ideal_clock)
  Path Group: ideal_clock
  Path Type: max

  Point                                    Incr       Path
  ---------------------------------------------------------------
  clock ideal_clock (rise edge)            0.00       0.00
  clock network delay (ideal)              0.40       0.40
  input external delay                     2.00       2.40 r
  g41 (in)                                 0.00       2.40 r
  U1160/Y (OA21X1_RVT)                     0.69       3.09 r
  U1164/Y (NAND3X0_RVT)                    0.17       3.26 f
  U886/Y (NOR2X0_RVT)                      0.15       3.42 r
  U1175/Y (NAND2X0_RVT)                    1.68       5.09 f
  g6362 (out)                              0.01       5.10 f
  data arrival time                                   5.10

  clock ideal_clock (rise edge)           10.00      10.00
  clock network delay (ideal)              0.40      10.40
  clock reconvergence pessimism            0.00      10.40
  clock uncertainty                       -0.05      10.35
  output external delay                   -2.00       8.35
  data required time                                  8.35
  ---------------------------------------------------------------
  data required time                                  8.35
  data arrival time                                  -5.10
  ---------------------------------------------------------------
  slack (MET)                                         3.25


  Startpoint: g41 (input port clocked by ideal_clock)
  Endpoint: g6364 (output port clocked by ideal_clock)
  Path Group: ideal_clock
  Path Type: max

  Point                                    Incr       Path
  ---------------------------------------------------------------
  clock ideal_clock (rise edge)            0.00       0.00
  clock network delay (ideal)              0.40       0.40
  input external delay                     2.00       2.40 r
  g41 (in)                                 0.00       2.40 r
  U1160/Y (OA21X1_RVT)                     0.69       3.09 r
  U1164/Y (NAND3X0_RVT)                    0.17       3.26 f
  U886/Y (NOR2X0_RVT)                      0.15       3.42 r
  U1179/Y (NAND2X0_RVT)                    1.68       5.09 f
  g6364 (out)                              0.01       5.10 f
  data arrival time                                   5.10

  clock ideal_clock (rise edge)           10.00      10.00
  clock network delay (ideal)              0.40      10.40
  clock reconvergence pessimism            0.00      10.40
  clock uncertainty                       -0.05      10.35
  output external delay                   -2.00       8.35
  data required time                                  8.35
  ---------------------------------------------------------------
  data required time                                  8.35
  data arrival time                                  -5.10
  ---------------------------------------------------------------
  slack (MET)                                         3.25


  Startpoint: g41 (input port clocked by ideal_clock)
  Endpoint: g6366 (output port clocked by ideal_clock)
  Path Group: ideal_clock
  Path Type: max

  Point                                    Incr       Path
  ---------------------------------------------------------------
  clock ideal_clock (rise edge)            0.00       0.00
  clock network delay (ideal)              0.40       0.40
  input external delay                     2.00       2.40 r
  g41 (in)                                 0.00       2.40 r
  U1160/Y (OA21X1_RVT)                     0.69       3.09 r
  U1164/Y (NAND3X0_RVT)                    0.17       3.26 f
  U886/Y (NOR2X0_RVT)                      0.15       3.42 r
  U889/Y (NAND2X0_RVT)                     1.68       5.09 f
  g6366 (out)                              0.01       5.10 f
  data arrival time                                   5.10

  clock ideal_clock (rise edge)           10.00      10.00
  clock network delay (ideal)              0.40      10.40
  clock reconvergence pessimism            0.00      10.40
  clock uncertainty                       -0.05      10.35
  output external delay                   -2.00       8.35
  data required time                                  8.35
  ---------------------------------------------------------------
  data required time                                  8.35
  data arrival time                                  -5.10
  ---------------------------------------------------------------
  slack (MET)                                         3.25


  Startpoint: g41 (input port clocked by ideal_clock)
  Endpoint: g6368 (output port clocked by ideal_clock)
  Path Group: ideal_clock
  Path Type: max

  Point                                    Incr       Path
  ---------------------------------------------------------------
  clock ideal_clock (rise edge)            0.00       0.00
  clock network delay (ideal)              0.40       0.40
  input external delay                     2.00       2.40 r
  g41 (in)                                 0.00       2.40 r
  U1160/Y (OA21X1_RVT)                     0.69       3.09 r
  U1164/Y (NAND3X0_RVT)                    0.17       3.26 f
  U886/Y (NOR2X0_RVT)                      0.15       3.42 r
  U1169/Y (NAND2X0_RVT)                    1.68       5.09 f
  g6368 (out)                              0.01       5.10 f
  data arrival time                                   5.10

  clock ideal_clock (rise edge)           10.00      10.00
  clock network delay (ideal)              0.40      10.40
  clock reconvergence pessimism            0.00      10.40
  clock uncertainty                       -0.05      10.35
  output external delay                   -2.00       8.35
  data required time                                  8.35
  ---------------------------------------------------------------
  data required time                                  8.35
  data arrival time                                  -5.10
  ---------------------------------------------------------------
  slack (MET)                                         3.25


  Startpoint: g41 (input port clocked by ideal_clock)
  Endpoint: g6370 (output port clocked by ideal_clock)
  Path Group: ideal_clock
  Path Type: max

  Point                                    Incr       Path
  ---------------------------------------------------------------
  clock ideal_clock (rise edge)            0.00       0.00
  clock network delay (ideal)              0.40       0.40
  input external delay                     2.00       2.40 r
  g41 (in)                                 0.00       2.40 r
  U1160/Y (OA21X1_RVT)                     0.69       3.09 r
  U1164/Y (NAND3X0_RVT)                    0.17       3.26 f
  U886/Y (NOR2X0_RVT)                      0.15       3.42 r
  U1173/Y (NAND2X0_RVT)                    1.68       5.09 f
  g6370 (out)                              0.01       5.10 f
  data arrival time                                   5.10

  clock ideal_clock (rise edge)           10.00      10.00
  clock network delay (ideal)              0.40      10.40
  clock reconvergence pessimism            0.00      10.40
  clock uncertainty                       -0.05      10.35
  output external delay                   -2.00       8.35
  data required time                                  8.35
  ---------------------------------------------------------------
  data required time                                  8.35
  data arrival time                                  -5.10
  ---------------------------------------------------------------
  slack (MET)                                         3.25


  Startpoint: g41 (input port clocked by ideal_clock)
  Endpoint: g6372 (output port clocked by ideal_clock)
  Path Group: ideal_clock
  Path Type: max

  Point                                    Incr       Path
  ---------------------------------------------------------------
  clock ideal_clock (rise edge)            0.00       0.00
  clock network delay (ideal)              0.40       0.40
  input external delay                     2.00       2.40 r
  g41 (in)                                 0.00       2.40 r
  U1160/Y (OA21X1_RVT)                     0.69       3.09 r
  U1164/Y (NAND3X0_RVT)                    0.17       3.26 f
  U886/Y (NOR2X0_RVT)                      0.15       3.42 r
  U1177/Y (NAND2X0_RVT)                    1.68       5.09 f
  g6372 (out)                              0.01       5.10 f
  data arrival time                                   5.10

  clock ideal_clock (rise edge)           10.00      10.00
  clock network delay (ideal)              0.40      10.40
  clock reconvergence pessimism            0.00      10.40
  clock uncertainty                       -0.05      10.35
  output external delay                   -2.00       8.35
  data required time                                  8.35
  ---------------------------------------------------------------
  data required time                                  8.35
  data arrival time                                  -5.10
  ---------------------------------------------------------------
  slack (MET)                                         3.25


  Startpoint: g41 (input port clocked by ideal_clock)
  Endpoint: g6374 (output port clocked by ideal_clock)
  Path Group: ideal_clock
  Path Type: max

  Point                                    Incr       Path
  ---------------------------------------------------------------
  clock ideal_clock (rise edge)            0.00       0.00
  clock network delay (ideal)              0.40       0.40
  input external delay                     2.00       2.40 r
  g41 (in)                                 0.00       2.40 r
  U1160/Y (OA21X1_RVT)                     0.69       3.09 r
  U1164/Y (NAND3X0_RVT)                    0.17       3.26 f
  U886/Y (NOR2X0_RVT)                      0.15       3.42 r
  U1167/Y (NAND2X0_RVT)                    1.68       5.09 f
  g6374 (out)                              0.01       5.10 f
  data arrival time                                   5.10

  clock ideal_clock (rise edge)           10.00      10.00
  clock network delay (ideal)              0.40      10.40
  clock reconvergence pessimism            0.00      10.40
  clock uncertainty                       -0.05      10.35
  output external delay                   -2.00       8.35
  data required time                                  8.35
  ---------------------------------------------------------------
  data required time                                  8.35
  data arrival time                                  -5.10
  ---------------------------------------------------------------
  slack (MET)                                         3.25


  Startpoint: g102 (input port clocked by ideal_clock)
  Endpoint: g2584 (output port clocked by ideal_clock)
  Path Group: ideal_clock
  Path Type: max

  Point                                    Incr       Path
  ---------------------------------------------------------------
  clock ideal_clock (rise edge)            0.00       0.00
  clock network delay (ideal)              0.40       0.40
  input external delay                     2.00       2.40 r
  g102 (in)                                0.00       2.40 r
  U1211/Y (INVX1_RVT)                      0.49       2.89 f
  U1284/Y (NAND2X0_RVT)                    0.44       3.33 r
  U935/Y (INVX1_RVT)                       0.08       3.41 f
  g2584 (out)                              0.01       3.42 f
  data arrival time                                   3.42

  clock ideal_clock (rise edge)           10.00      10.00
  clock network delay (ideal)              0.40      10.40
  clock reconvergence pessimism            0.00      10.40
  clock uncertainty                       -0.05      10.35
  output external delay                   -2.00       8.35
  data required time                                  8.35
  ---------------------------------------------------------------
  data required time                                  8.35
  data arrival time                                  -3.42
  ---------------------------------------------------------------
  slack (MET)                                         4.93


  Startpoint: g41 (input port clocked by ideal_clock)
  Endpoint: g6282 (output port clocked by ideal_clock)
  Path Group: ideal_clock
  Path Type: max

  Point                                    Incr       Path
  ---------------------------------------------------------------
  clock ideal_clock (rise edge)            0.00       0.00
  clock network delay (ideal)              0.40       0.40
  input external delay                     2.00       2.40 r
  g41 (in)                                 0.00       2.40 r
  U1160/Y (OA21X1_RVT)                     0.69       3.09 r
  U1164/Y (NAND3X0_RVT)                    0.17       3.26 f
  g6282 (out)                              0.05       3.32 f
  data arrival time                                   3.32

  clock ideal_clock (rise edge)           10.00      10.00
  clock network delay (ideal)              0.40      10.40
  clock reconvergence pessimism            0.00      10.40
  clock uncertainty                       -0.05      10.35
  output external delay                   -2.00       8.35
  data required time                                  8.35
  ---------------------------------------------------------------
  data required time                                  8.35
  data arrival time                                  -3.32
  ---------------------------------------------------------------
  slack (MET)                                         5.03


  Startpoint: g567 (input port clocked by ideal_clock)
  Endpoint: g4121 (output port clocked by ideal_clock)
  Path Group: ideal_clock
  Path Type: max

  Point                                    Incr       Path
  ---------------------------------------------------------------
  clock ideal_clock (rise edge)            0.00       0.00
  clock network delay (ideal)              0.40       0.40
  input external delay                     2.00       2.40 r
  g567 (in)                                0.00       2.40 r
  U1288/Y (NAND2X0_RVT)                    0.70       3.10 f
  g4121 (out)                              0.06       3.15 f
  data arrival time                                   3.15

  clock ideal_clock (rise edge)           10.00      10.00
  clock network delay (ideal)              0.40      10.40
  clock reconvergence pessimism            0.00      10.40
  clock uncertainty                       -0.05      10.35
  output external delay                   -2.00       8.35
  data required time                                  8.35
  ---------------------------------------------------------------
  data required time                                  8.35
  data arrival time                                  -3.15
  ---------------------------------------------------------------
  slack (MET)                                         5.20


  Startpoint: g41 (input port clocked by ideal_clock)
  Endpoint: g4110 (output port clocked by ideal_clock)
  Path Group: ideal_clock
  Path Type: max

  Point                                    Incr       Path
  ---------------------------------------------------------------
  clock ideal_clock (rise edge)            0.00       0.00
  clock network delay (ideal)              0.40       0.40
  input external delay                     2.00       2.40 r
  g41 (in)                                 0.00       2.40 r
  g4110 (out)                              0.62       3.02 r
  data arrival time                                   3.02

  clock ideal_clock (rise edge)           10.00      10.00
  clock network delay (ideal)              0.40      10.40
  clock reconvergence pessimism            0.00      10.40
  clock uncertainty                       -0.05      10.35
  output external delay                   -2.00       8.35
  data required time                                  8.35
  ---------------------------------------------------------------
  data required time                                  8.35
  data arrival time                                  -3.02
  ---------------------------------------------------------------
  slack (MET)                                         5.33


  Startpoint: g22 (input port clocked by ideal_clock)
  Endpoint: g4104 (output port clocked by ideal_clock)
  Path Group: ideal_clock
  Path Type: max

  Point                                    Incr       Path
  ---------------------------------------------------------------
  clock ideal_clock (rise edge)            0.00       0.00
  clock network delay (ideal)              0.40       0.40
  input external delay                     2.00       2.40 f
  g22 (in)                                 0.00       2.40 f
  g4104 (out)                              0.14       2.54 f
  data arrival time                                   2.54

  clock ideal_clock (rise edge)           10.00      10.00
  clock network delay (ideal)              0.40      10.40
  clock reconvergence pessimism            0.00      10.40
  clock uncertainty                       -0.05      10.35
  output external delay                   -2.00       8.35
  data required time                                  8.35
  ---------------------------------------------------------------
  data required time                                  8.35
  data arrival time                                  -2.54
  ---------------------------------------------------------------
  slack (MET)                                         5.81


  Startpoint: g45 (input port clocked by ideal_clock)
  Endpoint: g4108 (output port clocked by ideal_clock)
  Path Group: ideal_clock
  Path Type: max

  Point                                    Incr       Path
  ---------------------------------------------------------------
  clock ideal_clock (rise edge)            0.00       0.00
  clock network delay (ideal)              0.40       0.40
  input external delay                     2.00       2.40 f
  g45 (in)                                 0.00       2.40 f
  g4108 (out)                              0.12       2.52 f
  data arrival time                                   2.52

  clock ideal_clock (rise edge)           10.00      10.00
  clock network delay (ideal)              0.40      10.40
  clock reconvergence pessimism            0.00      10.40
  clock uncertainty                       -0.05      10.35
  output external delay                   -2.00       8.35
  data required time                                  8.35
  ---------------------------------------------------------------
  data required time                                  8.35
  data arrival time                                  -2.52
  ---------------------------------------------------------------
  slack (MET)                                         5.83


  Startpoint: g32 (input port clocked by ideal_clock)
  Endpoint: g4099 (output port clocked by ideal_clock)
  Path Group: ideal_clock
  Path Type: max

  Point                                    Incr       Path
  ---------------------------------------------------------------
  clock ideal_clock (rise edge)            0.00       0.00
  clock network delay (ideal)              0.40       0.40
  input external delay                     2.00       2.40 r
  g32 (in)                                 0.00       2.40 r
  g4099 (out)                              0.07       2.47 r
  data arrival time                                   2.47

  clock ideal_clock (rise edge)           10.00      10.00
  clock network delay (ideal)              0.40      10.40
  clock reconvergence pessimism            0.00      10.40
  clock uncertainty                       -0.05      10.35
  output external delay                   -2.00       8.35
  data required time                                  8.35
  ---------------------------------------------------------------
  data required time                                  8.35
  data arrival time                                  -2.47
  ---------------------------------------------------------------
  slack (MET)                                         5.88


  Startpoint: g38 (input port clocked by ideal_clock)
  Endpoint: g4102 (output port clocked by ideal_clock)
  Path Group: ideal_clock
  Path Type: max

  Point                                    Incr       Path
  ---------------------------------------------------------------
  clock ideal_clock (rise edge)            0.00       0.00
  clock network delay (ideal)              0.40       0.40
  input external delay                     2.00       2.40 r
  g38 (in)                                 0.00       2.40 r
  g4102 (out)                              0.07       2.47 r
  data arrival time                                   2.47

  clock ideal_clock (rise edge)           10.00      10.00
  clock network delay (ideal)              0.40      10.40
  clock reconvergence pessimism            0.00      10.40
  clock uncertainty                       -0.05      10.35
  output external delay                   -2.00       8.35
  data required time                                  8.35
  ---------------------------------------------------------------
  data required time                                  8.35
  data arrival time                                  -2.47
  ---------------------------------------------------------------
  slack (MET)                                         5.88


  Startpoint: g39 (input port clocked by ideal_clock)
  Endpoint: g4103 (output port clocked by ideal_clock)
  Path Group: ideal_clock
  Path Type: max

  Point                                    Incr       Path
  ---------------------------------------------------------------
  clock ideal_clock (rise edge)            0.00       0.00
  clock network delay (ideal)              0.40       0.40
  input external delay                     2.00       2.40 f
  g39 (in)                                 0.00       2.40 f
  g4103 (out)                              0.07       2.47 f
  data arrival time                                   2.47

  clock ideal_clock (rise edge)           10.00      10.00
  clock network delay (ideal)              0.40      10.40
  clock reconvergence pessimism            0.00      10.40
  clock uncertainty                       -0.05      10.35
  output external delay                   -2.00       8.35
  data required time                                  8.35
  ---------------------------------------------------------------
  data required time                                  8.35
  data arrival time                                  -2.47
  ---------------------------------------------------------------
  slack (MET)                                         5.88


  Startpoint: g36 (input port clocked by ideal_clock)
  Endpoint: g4100 (output port clocked by ideal_clock)
  Path Group: ideal_clock
  Path Type: max

  Point                                    Incr       Path
  ---------------------------------------------------------------
  clock ideal_clock (rise edge)            0.00       0.00
  clock network delay (ideal)              0.40       0.40
  input external delay                     2.00       2.40 r
  g36 (in)                                 0.00       2.40 r
  g4100 (out)                              0.07       2.47 r
  data arrival time                                   2.47

  clock ideal_clock (rise edge)           10.00      10.00
  clock network delay (ideal)              0.40      10.40
  clock reconvergence pessimism            0.00      10.40
  clock uncertainty                       -0.05      10.35
  output external delay                   -2.00       8.35
  data required time                                  8.35
  ---------------------------------------------------------------
  data required time                                  8.35
  data arrival time                                  -2.47
  ---------------------------------------------------------------
  slack (MET)                                         5.88


  Startpoint: g40 (input port clocked by ideal_clock)
  Endpoint: g4105 (output port clocked by ideal_clock)
  Path Group: ideal_clock
  Path Type: max

  Point                                    Incr       Path
  ---------------------------------------------------------------
  clock ideal_clock (rise edge)            0.00       0.00
  clock network delay (ideal)              0.40       0.40
  input external delay                     2.00       2.40 r
  g40 (in)                                 0.00       2.40 r
  g4105 (out)                              0.07       2.47 r
  data arrival time                                   2.47

  clock ideal_clock (rise edge)           10.00      10.00
  clock network delay (ideal)              0.40      10.40
  clock reconvergence pessimism            0.00      10.40
  clock uncertainty                       -0.05      10.35
  output external delay                   -2.00       8.35
  data required time                                  8.35
  ---------------------------------------------------------------
  data required time                                  8.35
  data arrival time                                  -2.47
  ---------------------------------------------------------------
  slack (MET)                                         5.88


  Startpoint: g37 (input port clocked by ideal_clock)
  Endpoint: g4101 (output port clocked by ideal_clock)
  Path Group: ideal_clock
  Path Type: max

  Point                                    Incr       Path
  ---------------------------------------------------------------
  clock ideal_clock (rise edge)            0.00       0.00
  clock network delay (ideal)              0.40       0.40
  input external delay                     2.00       2.40 r
  g37 (in)                                 0.00       2.40 r
  g4101 (out)                              0.07       2.47 r
  data arrival time                                   2.47

  clock ideal_clock (rise edge)           10.00      10.00
  clock network delay (ideal)              0.40      10.40
  clock reconvergence pessimism            0.00      10.40
  clock uncertainty                       -0.05      10.35
  output external delay                   -2.00       8.35
  data required time                                  8.35
  ---------------------------------------------------------------
  data required time                                  8.35
  data arrival time                                  -2.47
  ---------------------------------------------------------------
  slack (MET)                                         5.88


  Startpoint: g47 (input port clocked by ideal_clock)
  Endpoint: g4112 (output port clocked by ideal_clock)
  Path Group: ideal_clock
  Path Type: max

  Point                                    Incr       Path
  ---------------------------------------------------------------
  clock ideal_clock (rise edge)            0.00       0.00
  clock network delay (ideal)              0.40       0.40
  input external delay                     2.00       2.40 r
  g47 (in)                                 0.00       2.40 r
  g4112 (out)                              0.06       2.46 r
  data arrival time                                   2.46

  clock ideal_clock (rise edge)           10.00      10.00
  clock network delay (ideal)              0.40      10.40
  clock reconvergence pessimism            0.00      10.40
  clock uncertainty                       -0.05      10.35
  output external delay                   -2.00       8.35
  data required time                                  8.35
  ---------------------------------------------------------------
  data required time                                  8.35
  data arrival time                                  -2.46
  ---------------------------------------------------------------
  slack (MET)                                         5.89


  Startpoint: g564 (input port clocked by ideal_clock)
  Endpoint: g4422 (output port clocked by ideal_clock)
  Path Group: ideal_clock
  Path Type: max

  Point                                    Incr       Path
  ---------------------------------------------------------------
  clock ideal_clock (rise edge)            0.00       0.00
  clock network delay (ideal)              0.40       0.40
  input external delay                     2.00       2.40 f
  g564 (in)                                0.00       2.40 f
  g4422 (out)                              0.04       2.44 f
  data arrival time                                   2.44

  clock ideal_clock (rise edge)           10.00      10.00
  clock network delay (ideal)              0.40      10.40
  clock reconvergence pessimism            0.00      10.40
  clock uncertainty                       -0.05      10.35
  output external delay                   -2.00       8.35
  data required time                                  8.35
  ---------------------------------------------------------------
  data required time                                  8.35
  data arrival time                                  -2.44
  ---------------------------------------------------------------
  slack (MET)                                         5.91


  Startpoint: g705 (input port clocked by ideal_clock)
  Endpoint: g3222 (output port clocked by ideal_clock)
  Path Group: ideal_clock
  Path Type: max

  Point                                    Incr       Path
  ---------------------------------------------------------------
  clock ideal_clock (rise edge)            0.00       0.00
  clock network delay (ideal)              0.40       0.40
  input external delay                     2.00       2.40 r
  g705 (in)                                0.00       2.40 r
  g3222 (out)                              0.01       2.41 r
  data arrival time                                   2.41

  clock ideal_clock (rise edge)           10.00      10.00
  clock network delay (ideal)              0.40      10.40
  clock reconvergence pessimism            0.00      10.40
  clock uncertainty                       -0.05      10.35
  output external delay                   -2.00       8.35
  data required time                                  8.35
  ---------------------------------------------------------------
  data required time                                  8.35
  data arrival time                                  -2.41
  ---------------------------------------------------------------
  slack (MET)                                         5.94


  Startpoint: g23 (input port clocked by ideal_clock)
  Endpoint: g4098 (output port clocked by ideal_clock)
  Path Group: ideal_clock
  Path Type: max

  Point                                    Incr       Path
  ---------------------------------------------------------------
  clock ideal_clock (rise edge)            0.00       0.00
  clock network delay (ideal)              0.40       0.40
  input external delay                     2.00       2.40 r
  g23 (in)                                 0.00       2.40 r
  g4098 (out)                              0.01       2.41 r
  data arrival time                                   2.41

  clock ideal_clock (rise edge)           10.00      10.00
  clock network delay (ideal)              0.40      10.40
  clock reconvergence pessimism            0.00      10.40
  clock uncertainty                       -0.05      10.35
  output external delay                   -2.00       8.35
  data required time                                  8.35
  ---------------------------------------------------------------
  data required time                                  8.35
  data arrival time                                  -2.41
  ---------------------------------------------------------------
  slack (MET)                                         5.94


  Startpoint: g42 (input port clocked by ideal_clock)
  Endpoint: g4106 (output port clocked by ideal_clock)
  Path Group: ideal_clock
  Path Type: max

  Point                                    Incr       Path
  ---------------------------------------------------------------
  clock ideal_clock (rise edge)            0.00       0.00
  clock network delay (ideal)              0.40       0.40
  input external delay                     2.00       2.40 r
  g42 (in)                                 0.00       2.40 r
  g4106 (out)                              0.01       2.41 r
  data arrival time                                   2.41

  clock ideal_clock (rise edge)           10.00      10.00
  clock network delay (ideal)              0.40      10.40
  clock reconvergence pessimism            0.00      10.40
  clock uncertainty                       -0.05      10.35
  output external delay                   -2.00       8.35
  data required time                                  8.35
  ---------------------------------------------------------------
  data required time                                  8.35
  data arrival time                                  -2.41
  ---------------------------------------------------------------
  slack (MET)                                         5.94


  Startpoint: g44 (input port clocked by ideal_clock)
  Endpoint: g4107 (output port clocked by ideal_clock)
  Path Group: ideal_clock
  Path Type: max

  Point                                    Incr       Path
  ---------------------------------------------------------------
  clock ideal_clock (rise edge)            0.00       0.00
  clock network delay (ideal)              0.40       0.40
  input external delay                     2.00       2.40 r
  g44 (in)                                 0.00       2.40 r
  g4107 (out)                              0.01       2.41 r
  data arrival time                                   2.41

  clock ideal_clock (rise edge)           10.00      10.00
  clock network delay (ideal)              0.40      10.40
  clock reconvergence pessimism            0.00      10.40
  clock uncertainty                       -0.05      10.35
  output external delay                   -2.00       8.35
  data required time                                  8.35
  ---------------------------------------------------------------
  data required time                                  8.35
  data arrival time                                  -2.41
  ---------------------------------------------------------------
  slack (MET)                                         5.94


  Startpoint: g46 (input port clocked by ideal_clock)
  Endpoint: g4109 (output port clocked by ideal_clock)
  Path Group: ideal_clock
  Path Type: max

  Point                                    Incr       Path
  ---------------------------------------------------------------
  clock ideal_clock (rise edge)            0.00       0.00
  clock network delay (ideal)              0.40       0.40
  input external delay                     2.00       2.40 r
  g46 (in)                                 0.00       2.40 r
  g4109 (out)                              0.01       2.41 r
  data arrival time                                   2.41

  clock ideal_clock (rise edge)           10.00      10.00
  clock network delay (ideal)              0.40      10.40
  clock reconvergence pessimism            0.00      10.40
  clock uncertainty                       -0.05      10.35
  output external delay                   -2.00       8.35
  data required time                                  8.35
  ---------------------------------------------------------------
  data required time                                  8.35
  data arrival time                                  -2.41
  ---------------------------------------------------------------
  slack (MET)                                         5.94


1
Error: Nothing matched for from_list (SEL-005)
0
Error: Nothing matched for from_list (SEL-005)
0
